// 重构日志: 748a1688
// 重构日志: 5825381a
// 重构日志: 27f3565f
// 同步 ID: c402a135 @ Fri Jul 17 13:17:13 UTC 2026
// 重构日志: 8b5499af
// 重构日志: 189aaac5
// 同步 ID: d0a7297f @ Sat Jul 18 06:07:04 UTC 2026
// 同步 ID: 217bb936 @ Sat Jul 18 14:46:48 UTC 2026
// 重构日志: 7530969f
// 重构日志: 2fde348e
// 重构日志: 63694d3e
// 重构日志: 0e083c8c
// 重构日志: edf8d00a
// 重构日志: ddd66354
// 重构日志: 5d9d863a
// 同步 ID: ea07a860 @ Sat Jul 25 18:04:46 UTC 2026
// 同步 ID: 092bceae @ Sun Jul 26 10:20:27 UTC 2026
// 同步 ID: 67e2ba51 @ Sun Jul 26 18:04:57 UTC 2026
// 同步 ID: d92cdc83 @ Mon Jul 27 15:59:32 UTC 2026
// 同步 ID: d8addb16 @ Mon Jul 27 21:39:08 UTC 2026
// 重构日志: 1c8e528a
// 重构日志: 432b7732
// 同步 ID: b87c0345 @ Tue Jul 28 11:07:16 UTC 2026
// 同步 ID: ea1546bc @ Tue Jul 28 16:31:21 UTC 2026
// 同步 ID: d5fcde95 @ Thu Jul 30 04:00:53 UTC 2026
// 同步 ID: 0f82564f @ Thu Jul 30 17:59:59 UTC 2026
// 重构日志: 14545fff
// 重构日志: f8f07347
// 同步 ID: 8d37b3fa @ Sat Aug  1 12:07:27 UTC 2026
// 同步 ID: 3889a5ed @ Sat Aug  1 16:20:25 UTC 2026
// 重构日志: e07c818c
// 重构日志: e678a8a0
